Archive member included to satisfy reference by file (symbol)

/home/pali/.platformio/packages/toolchain-gccarmnoneeabi/bin/../lib/gcc/arm-none-eabi/12.3.1/../../../../arm-none-eabi/lib/thumb/v6-m/nofp/libc_nano.a(libc_a-atexit.o)
                              /home/pali/.platformio/packages/toolchain-gccarmnoneeabi/bin/../lib/gcc/arm-none-eabi/12.3.1/../../../../arm-none-eabi/lib/thumb/v6-m/nofp/crt0.o (atexit)
/home/pali/.platformio/packages/toolchain-gccarmnoneeabi/bin/../lib/gcc/arm-none-eabi/12.3.1/../../../../arm-none-eabi/lib/thumb/v6-m/nofp/libc_nano.a(libc_a-exit.o)
                              /home/pali/.platformio/packages/toolchain-gccarmnoneeabi/bin/../lib/gcc/arm-none-eabi/12.3.1/../../../../arm-none-eabi/lib/thumb/v6-m/nofp/crt0.o (exit)
/home/pali/.platformio/packages/toolchain-gccarmnoneeabi/bin/../lib/gcc/arm-none-eabi/12.3.1/../../../../arm-none-eabi/lib/thumb/v6-m/nofp/libc_nano.a(libc_a-findfp.o)
                              /home/pali/.platformio/packages/toolchain-gccarmnoneeabi/bin/../lib/gcc/arm-none-eabi/12.3.1/../../../../arm-none-eabi/lib/thumb/v6-m/nofp/libc_nano.a(libc_a-exit.o) (__stdio_exit_handler)
/home/pali/.platformio/packages/toolchain-gccarmnoneeabi/bin/../lib/gcc/arm-none-eabi/12.3.1/../../../../arm-none-eabi/lib/thumb/v6-m/nofp/libc_nano.a(libc_a-fwalk.o)
                              /home/pali/.platformio/packages/toolchain-gccarmnoneeabi/bin/../lib/gcc/arm-none-eabi/12.3.1/../../../../arm-none-eabi/lib/thumb/v6-m/nofp/libc_nano.a(libc_a-findfp.o) (_fwalk_sglue)
/home/pali/.platformio/packages/toolchain-gccarmnoneeabi/bin/../lib/gcc/arm-none-eabi/12.3.1/../../../../arm-none-eabi/lib/thumb/v6-m/nofp/libc_nano.a(libc_a-stdio.o)
                              /home/pali/.platformio/packages/toolchain-gccarmnoneeabi/bin/../lib/gcc/arm-none-eabi/12.3.1/../../../../arm-none-eabi/lib/thumb/v6-m/nofp/libc_nano.a(libc_a-findfp.o) (__sread)
/home/pali/.platformio/packages/toolchain-gccarmnoneeabi/bin/../lib/gcc/arm-none-eabi/12.3.1/../../../../arm-none-eabi/lib/thumb/v6-m/nofp/libc_nano.a(libc_a-memset.o)
                              /home/pali/.platformio/packages/toolchain-gccarmnoneeabi/bin/../lib/gcc/arm-none-eabi/12.3.1/../../../../arm-none-eabi/lib/thumb/v6-m/nofp/crt0.o (memset)
/home/pali/.platformio/packages/toolchain-gccarmnoneeabi/bin/../lib/gcc/arm-none-eabi/12.3.1/../../../../arm-none-eabi/lib/thumb/v6-m/nofp/libc_nano.a(libc_a-closer.o)
                              /home/pali/.platformio/packages/toolchain-gccarmnoneeabi/bin/../lib/gcc/arm-none-eabi/12.3.1/../../../../arm-none-eabi/lib/thumb/v6-m/nofp/libc_nano.a(libc_a-stdio.o) (_close_r)
/home/pali/.platformio/packages/toolchain-gccarmnoneeabi/bin/../lib/gcc/arm-none-eabi/12.3.1/../../../../arm-none-eabi/lib/thumb/v6-m/nofp/libc_nano.a(libc_a-reent.o)
                              /home/pali/.platformio/packages/toolchain-gccarmnoneeabi/bin/../lib/gcc/arm-none-eabi/12.3.1/../../../../arm-none-eabi/lib/thumb/v6-m/nofp/libc_nano.a(libc_a-closer.o) (errno)
/home/pali/.platformio/packages/toolchain-gccarmnoneeabi/bin/../lib/gcc/arm-none-eabi/12.3.1/../../../../arm-none-eabi/lib/thumb/v6-m/nofp/libc_nano.a(libc_a-impure.o)
                              /home/pali/.platformio/packages/toolchain-gccarmnoneeabi/bin/../lib/gcc/arm-none-eabi/12.3.1/../../../../arm-none-eabi/lib/thumb/v6-m/nofp/libc_nano.a(libc_a-reent.o) (_impure_ptr)
/home/pali/.platformio/packages/toolchain-gccarmnoneeabi/bin/../lib/gcc/arm-none-eabi/12.3.1/../../../../arm-none-eabi/lib/thumb/v6-m/nofp/libc_nano.a(libc_a-lseekr.o)
                              /home/pali/.platformio/packages/toolchain-gccarmnoneeabi/bin/../lib/gcc/arm-none-eabi/12.3.1/../../../../arm-none-eabi/lib/thumb/v6-m/nofp/libc_nano.a(libc_a-stdio.o) (_lseek_r)
/home/pali/.platformio/packages/toolchain-gccarmnoneeabi/bin/../lib/gcc/arm-none-eabi/12.3.1/../../../../arm-none-eabi/lib/thumb/v6-m/nofp/libc_nano.a(libc_a-readr.o)
                              /home/pali/.platformio/packages/toolchain-gccarmnoneeabi/bin/../lib/gcc/arm-none-eabi/12.3.1/../../../../arm-none-eabi/lib/thumb/v6-m/nofp/libc_nano.a(libc_a-stdio.o) (_read_r)
/home/pali/.platformio/packages/toolchain-gccarmnoneeabi/bin/../lib/gcc/arm-none-eabi/12.3.1/../../../../arm-none-eabi/lib/thumb/v6-m/nofp/libc_nano.a(libc_a-writer.o)
                              /home/pali/.platformio/packages/toolchain-gccarmnoneeabi/bin/../lib/gcc/arm-none-eabi/12.3.1/../../../../arm-none-eabi/lib/thumb/v6-m/nofp/libc_nano.a(libc_a-stdio.o) (_write_r)
/home/pali/.platformio/packages/toolchain-gccarmnoneeabi/bin/../lib/gcc/arm-none-eabi/12.3.1/../../../../arm-none-eabi/lib/thumb/v6-m/nofp/libc_nano.a(libc_a-init.o)
                              /home/pali/.platformio/packages/toolchain-gccarmnoneeabi/bin/../lib/gcc/arm-none-eabi/12.3.1/../../../../arm-none-eabi/lib/thumb/v6-m/nofp/crt0.o (__libc_init_array)
[...]
Memory Configuration

Name             Origin             Length             Attributes
RAM              0x20000000         0x00000c00         xrw
FLASH            0x08000000         0x00004000         xr
DATA             0x08004000         0x00001000         xrw
*default*        0x00000000         0xffffffff

Linker script and memory map

LOAD /home/pali/.platformio/packages/toolchain-gccarmnoneeabi/bin/../lib/gcc/arm-none-eabi/12.3.1/thumb/v6-m/nofp/crti.o
LOAD /home/pali/.platformio/packages/toolchain-gccarmnoneeabi/bin/../lib/gcc/arm-none-eabi/12.3.1/thumb/v6-m/nofp/crtbegin.o
LOAD /home/pali/.platformio/packages/toolchain-gccarmnoneeabi/bin/../lib/gcc/arm-none-eabi/12.3.1/../../../../arm-none-eabi/lib/thumb/v6-m/nofp/crt0.o
LOAD /home/pali/.platformio/packages/toolchain-gccarmnoneeabi/bin/../lib/gcc/arm-none-eabi/12.3.1/../../../../arm-none-eabi/lib/thumb/v6-m/nofp/libc_nano.a
LOAD /home/pali/.platformio/packages/toolchain-gccarmnoneeabi/bin/../lib/gcc/arm-none-eabi/12.3.1/../../../../arm-none-eabi/lib/thumb/v6-m/nofp/libm.a
LOAD ./Build/User/persist.o
LOAD ./Build/User/py32f0xx_it.o
LOAD ./Build/User/main.o
LOAD ./Build/Libraries/PY32F0xx_LL_Driver/Src/py32f0xx_ll_exti.o
LOAD ./Build/Libraries/PY32F0xx_LL_Driver/Src/py32f0xx_ll_led.o
LOAD ./Build/Libraries/PY32F0xx_LL_Driver/Src/py32f0xx_ll_dma.o
LOAD ./Build/Libraries/PY32F0xx_LL_Driver/Src/py32f0xx_ll_rtc.o
LOAD ./Build/Libraries/PY32F0xx_LL_Driver/Src/py32f0xx_ll_rcc.o
LOAD ./Build/Libraries/PY32F0xx_LL_Driver/Src/py32f0xx_ll_utils.o
LOAD ./Build/Libraries/PY32F0xx_LL_Driver/Src/py32f0xx_ll_flash.o
LOAD ./Build/Libraries/PY32F0xx_LL_Driver/Src/py32f0xx_ll_spi.o
LOAD ./Build/Libraries/PY32F0xx_LL_Driver/Src/py32f0xx_ll_tim.o
LOAD ./Build/Libraries/PY32F0xx_LL_Driver/Src/py32f0xx_ll_crc.o
LOAD ./Build/Libraries/PY32F0xx_LL_Driver/Src/py32f0xx_ll_comp.o
LOAD ./Build/Libraries/PY32F0xx_LL_Driver/Src/py32f0xx_ll_lptim.o
LOAD ./Build/Libraries/PY32F0xx_LL_Driver/Src/py32f0xx_ll_adc.o
LOAD ./Build/Libraries/PY32F0xx_LL_Driver/Src/py32f0xx_ll_usart.o
LOAD ./Build/Libraries/PY32F0xx_LL_Driver/Src/py32f0xx_ll_gpio.o
LOAD ./Build/Libraries/PY32F0xx_LL_Driver/Src/py32f0xx_ll_pwr.o
LOAD ./Build/Libraries/PY32F0xx_LL_Driver/Src/py32f0xx_ll_i2c.o
LOAD ./Build/Libraries/PY32F0xx_LL_BSP/Src/py32f0xx_bsp_led.o
LOAD ./Build/Libraries/PY32F0xx_LL_BSP/Src/py32f0xx_bsp_printf.o
LOAD ./Build/Libraries/PY32F0xx_LL_BSP/Src/py32f0xx_bsp_clock.o
LOAD ./Build/Libraries/CMSIS/Device/PY32F0xx/Source/system_py32f0xx.o
LOAD ./Build/Libraries/CMSIS/Device/PY32F0xx/Source/gcc/startup_py32f002a.o
START GROUP
LOAD /home/pali/.platformio/packages/toolchain-gccarmnoneeabi/bin/../lib/gcc/arm-none-eabi/12.3.1/thumb/v6-m/nofp/libgcc.a
LOAD /home/pali/.platformio/packages/toolchain-gccarmnoneeabi/bin/../lib/gcc/arm-none-eabi/12.3.1/../../../../arm-none-eabi/lib/thumb/v6-m/nofp/libc_nano.a
END GROUP
START GROUP
LOAD /home/pali/.platformio/packages/toolchain-gccarmnoneeabi/bin/../lib/gcc/arm-none-eabi/12.3.1/thumb/v6-m/nofp/libgcc.a
LOAD /home/pali/.platformio/packages/toolchain-gccarmnoneeabi/bin/../lib/gcc/arm-none-eabi/12.3.1/../../../../arm-none-eabi/lib/thumb/v6-m/nofp/libc_nano.a
LOAD /home/pali/.platformio/packages/toolchain-gccarmnoneeabi/bin/../lib/gcc/arm-none-eabi/12.3.1/../../../../arm-none-eabi/lib/thumb/v6-m/nofp/libnosys.a
END GROUP
START GROUP
LOAD /home/pali/.platformio/packages/toolchain-gccarmnoneeabi/bin/../lib/gcc/arm-none-eabi/12.3.1/thumb/v6-m/nofp/libgcc.a
LOAD /home/pali/.platformio/packages/toolchain-gccarmnoneeabi/bin/../lib/gcc/arm-none-eabi/12.3.1/../../../../arm-none-eabi/lib/thumb/v6-m/nofp/libc_nano.a
LOAD /home/pali/.platformio/packages/toolchain-gccarmnoneeabi/bin/../lib/gcc/arm-none-eabi/12.3.1/../../../../arm-none-eabi/lib/thumb/v6-m/nofp/libnosys.a
END GROUP
LOAD /home/pali/.platformio/packages/toolchain-gccarmnoneeabi/bin/../lib/gcc/arm-none-eabi/12.3.1/thumb/v6-m/nofp/crtend.o
LOAD /home/pali/.platformio/packages/toolchain-gccarmnoneeabi/bin/../lib/gcc/arm-none-eabi/12.3.1/thumb/v6-m/nofp/crtn.o
                0x20000c00                        _estack = (ORIGIN (RAM) + LENGTH (RAM))
                0x00000100                        _Min_Heap_Size = 0x100
                0x00000200                        _Min_Stack_Size = 0x200
                0x00001000                        _USER_DATA_SIZE = 0x1000

.ram_vector     0x20000000       0xc0
 *(.ram_vector)
 .ram_vector    0x20000000       0xc0 ./Build/Libraries/CMSIS/Device/PY32F0xx/Source/system_py32f0xx.o

.isr_vector     0x08000000       0xc0
                0x08000000                        . = ALIGN (0x4)
 *(.isr_vector)
 .isr_vector    0x08000000       0xc0 ./Build/Libraries/CMSIS/Device/PY32F0xx/Source/gcc/startup_py32f002a.o
                0x08000000                g_pfnVectors
                0x080000c0                        . = ALIGN (0x4)

.text           0x080000c0      0xd3c
                0x080000c0                        . = ALIGN (0x4)
 *(.text)
 .text          0x080000c0       0x14 /home/pali/.platformio/packages/toolchain-gccarmnoneeabi/bin/../lib/gcc/arm-none-eabi/12.3.1/thumb/v6-m/nofp/libgcc.a(_thumb1_case_uqi.o)
                0x080000c0                __gnu_thumb1_case_uqi
 .text          0x080000d4      0x114 /home/pali/.platformio/packages/toolchain-gccarmnoneeabi/bin/../lib/gcc/arm-none-eabi/12.3.1/thumb/v6-m/nofp/libgcc.a(_udivsi3.o)
                0x080000d4                __udivsi3
                0x080000d4                __aeabi_uidiv
                0x080001e0                __aeabi_uidivmod
 .text          0x080001e8        0x4 /home/pali/.platformio/packages/toolchain-gccarmnoneeabi/bin/../lib/gcc/arm-none-eabi/12.3.1/thumb/v6-m/nofp/libgcc.a(_dvmd_tls.o)
                0x080001e8                __aeabi_ldiv0
                0x080001e8                __aeabi_idiv0
 *(.text*)
 .text.__do_global_dtors_aux
                0x080001ec       0x28 /home/pali/.platformio/packages/toolchain-gccarmnoneeabi/bin/../lib/gcc/arm-none-eabi/12.3.1/thumb/v6-m/nofp/crtbegin.o
 .text.frame_dummy
                0x08000214       0x20 /home/pali/.platformio/packages/toolchain-gccarmnoneeabi/bin/../lib/gcc/arm-none-eabi/12.3.1/thumb/v6-m/nofp/crtbegin.o
 .text.memset   0x08000234       0x10 /home/pali/.platformio/packages/toolchain-gccarmnoneeabi/bin/../lib/gcc/arm-none-eabi/12.3.1/../../../../arm-none-eabi/lib/thumb/v6-m/nofp/libc_nano.a(libc_a-memset.o)
                0x08000234                memset
 .text.__libc_init_array
                0x08000244       0x48 /home/pali/.platformio/packages/toolchain-gccarmnoneeabi/bin/../lib/gcc/arm-none-eabi/12.3.1/../../../../arm-none-eabi/lib/thumb/v6-m/nofp/libc_nano.a(libc_a-init.o)
                0x08000244                __libc_init_array
 .text.Flash_Write
                0x0800028c       0x70 ./Build/User/persist.o
 .text.Persist_Init
                0x080002fc       0x68 ./Build/User/persist.o
                0x080002fc                Persist_Init
 .text.Persist_Read
                0x08000364       0x40 ./Build/User/persist.o
                0x08000364                Persist_Read
 .text.Persist_DumpPage
                0x080003a4       0x20 ./Build/User/persist.o
                0x080003a4                Persist_DumpPage
 .text.Persist_Save
                0x080003c4       0xf0 ./Build/User/persist.o
                0x080003c4                Persist_Save
 .text.NMI_Handler
                0x080004b4        0x2 ./Build/User/py32f0xx_it.o
                0x080004b4                NMI_Handler
 .text.HardFault_Handler
                0x080004b6        0x2 ./Build/User/py32f0xx_it.o
                0x080004b6                HardFault_Handler
 .text.SVC_Handler
                0x080004b8        0x2 ./Build/User/py32f0xx_it.o
                0x080004b8                SVC_Handler
 .text.PendSV_Handler
                0x080004ba        0x2 ./Build/User/py32f0xx_it.o
                0x080004ba                PendSV_Handler
 .text.SysTick_Handler
                0x080004bc        0x2 ./Build/User/py32f0xx_it.o
                0x080004bc                SysTick_Handler
 *fill*         0x080004be        0x2 
 .text.LL_APB1_GRP2_EnableClock
                0x080004c0       0x1c ./Build/User/main.o
 .text.TIM1_BRK_UP_TRG_COM_IRQHandler
                0x080004dc       0x1c ./Build/User/main.o
                0x080004dc                TIM1_BRK_UP_TRG_COM_IRQHandler
 .text.TIM16_IRQHandler
                0x080004f8       0x1c ./Build/User/main.o
                0x080004f8                TIM16_IRQHandler
 .text.USART1_IRQHandler
                0x08000514       0x24 ./Build/User/main.o
                0x08000514                USART1_IRQHandler
 .text.Transmit
                0x08000538       0x28 ./Build/User/main.o
                0x08000538                Transmit
 .text.Load_Message
                0x08000560       0x48 ./Build/User/main.o
                0x08000560                Load_Message
 .text.startup.main
                0x080005a8      0x5c8 ./Build/User/main.o
                0x080005a8                main
 .text.LL_Init1msTick
                0x08000b70       0x20 ./Build/Libraries/PY32F0xx_LL_Driver/Src/py32f0xx_ll_utils.o
                0x08000b70                LL_Init1msTick
 .text.LL_SetSystemCoreClock
                0x08000b90        0xc ./Build/Libraries/PY32F0xx_LL_Driver/Src/py32f0xx_ll_utils.o
                0x08000b90                LL_SetSystemCoreClock
 .text.LL_FLASH_Unlock
                0x08000b9c       0x24 ./Build/Libraries/PY32F0xx_LL_Driver/Src/py32f0xx_ll_flash.o
                0x08000b9c                LL_FLASH_Unlock
 .text.LL_FLASH_Lock
                0x08000bc0       0x18 ./Build/Libraries/PY32F0xx_LL_Driver/Src/py32f0xx_ll_flash.o
                0x08000bc0                LL_FLASH_Lock
 .text.LL_TIM_Init
                0x08000bd8       0x50 ./Build/Libraries/PY32F0xx_LL_Driver/Src/py32f0xx_ll_tim.o
                0x08000bd8                LL_TIM_Init
 .text.LL_GPIO_Init
                0x08000c28       0xb4 ./Build/Libraries/PY32F0xx_LL_Driver/Src/py32f0xx_ll_gpio.o
                0x08000c28                LL_GPIO_Init
 .text.SystemCoreClockUpdate
                0x08000cdc       0x5c ./Build/Libraries/CMSIS/Device/PY32F0xx/Source/system_py32f0xx.o
                0x08000cdc                SystemCoreClockUpdate
 .text.SystemInit
                0x08000d38       0x48 ./Build/Libraries/CMSIS/Device/PY32F0xx/Source/system_py32f0xx.o
                0x08000d38                SystemInit
 .text.Reset_Handler
                0x08000d80       0x50 ./Build/Libraries/CMSIS/Device/PY32F0xx/Source/gcc/startup_py32f002a.o
                0x08000d80                Reset_Handler
 .text.Default_Handler
                0x08000dd0        0x2 ./Build/Libraries/CMSIS/Device/PY32F0xx/Source/gcc/startup_py32f002a.o
                0x08000dd0                TIM1_CC_IRQHandler
                0x08000dd0                I2C1_IRQHandler
                0x08000dd0                SPI1_IRQHandler
                0x08000dd0                EXTI2_3_IRQHandler
                0x08000dd0                EXTI4_15_IRQHandler
                0x08000dd0                RCC_IRQHandler
                0x08000dd0                Default_Handler
                0x08000dd0                EXTI0_1_IRQHandler
                0x08000dd0                ADC_COMP_IRQHandler
                0x08000dd0                FLASH_IRQHandler
                0x08000dd0                LPTIM1_IRQHandler
 .text.memcpy   0x08000dd2       0x12 /home/pali/.platformio/packages/toolchain-gccarmnoneeabi/bin/../lib/gcc/arm-none-eabi/12.3.1/../../../../arm-none-eabi/lib/thumb/v6-m/nofp/libc_nano.a(libc_a-memcpy-stub.o)
                0x08000dd2                memcpy
 *(.glue_7)
 .glue_7        0x08000de4        0x0 linker stubs
 *(.glue_7t)
 .glue_7t       0x08000de4        0x0 linker stubs
 *(.eh_frame)
 .eh_frame      0x08000de4        0x0 /home/pali/.platformio/packages/toolchain-gccarmnoneeabi/bin/../lib/gcc/arm-none-eabi/12.3.1/thumb/v6-m/nofp/crtbegin.o
 *(.init)
 .init          0x08000de4        0x4 /home/pali/.platformio/packages/toolchain-gccarmnoneeabi/bin/../lib/gcc/arm-none-eabi/12.3.1/thumb/v6-m/nofp/crti.o
                0x08000de4                _init
 .init          0x08000de8        0x8 /home/pali/.platformio/packages/toolchain-gccarmnoneeabi/bin/../lib/gcc/arm-none-eabi/12.3.1/thumb/v6-m/nofp/crtn.o
 *(.fini)
 .fini          0x08000df0        0x4 /home/pali/.platformio/packages/toolchain-gccarmnoneeabi/bin/../lib/gcc/arm-none-eabi/12.3.1/thumb/v6-m/nofp/crti.o
                0x08000df0                _fini
 .fini          0x08000df4        0x8 /home/pali/.platformio/packages/toolchain-gccarmnoneeabi/bin/../lib/gcc/arm-none-eabi/12.3.1/thumb/v6-m/nofp/crtn.o
                0x08000dfc                        . = ALIGN (0x4)
                0x08000dfc                        _etext = .

.vfp11_veneer   0x08000dfc        0x0
 .vfp11_veneer  0x08000dfc        0x0 linker stubs

.v4_bx          0x08000dfc        0x0
 .v4_bx         0x08000dfc        0x0 linker stubs

.iplt           0x08000dfc        0x0
 .iplt          0x08000dfc        0x0 /home/pali/.platformio/packages/toolchain-gccarmnoneeabi/bin/../lib/gcc/arm-none-eabi/12.3.1/thumb/v6-m/nofp/crtbegin.o

.rodata         0x08000dfc      0x188
                0x08000dfc                        . = ALIGN (0x4)
 *(.rodata)
 .rodata        0x08000dfc        0x9 ./Build/User/main.o
 *(.rodata*)
 .rodata.main.str1.1
                0x08000e05       0xf4 ./Build/User/main.o
                                 0xf7 (size before relaxing)
 .rodata.code   0x08000ef9       0x2b ./Build/User/main.o
                0x08000ef9                code
 .rodata.HSIFreqTable
                0x08000f24       0x20 ./Build/Libraries/CMSIS/Device/PY32F0xx/Source/system_py32f0xx.o
                0x08000f24                HSIFreqTable
 .rodata.AHBPrescTable
                0x08000f44       0x40 ./Build/Libraries/CMSIS/Device/PY32F0xx/Source/system_py32f0xx.o
                0x08000f44                AHBPrescTable
                0x08000f84                        . = ALIGN (0x4)

.rel.dyn        0x08000f84        0x0
 .rel.iplt      0x08000f84        0x0 /home/pali/.platformio/packages/toolchain-gccarmnoneeabi/bin/../lib/gcc/arm-none-eabi/12.3.1/thumb/v6-m/nofp/crtbegin.o

.ARM.extab
 *(.ARM.extab* .gnu.linkonce.armextab.*)

.ARM            0x08000f84        0x0
                0x08000f84                        __exidx_start = .
 *(.ARM.exidx*)
                0x08000f84                        __exidx_end = .

.preinit_array  0x08000f84        0x0
                0x08000f84                        PROVIDE (__preinit_array_start = .)
 *(.preinit_array*)
                0x08000f84                        PROVIDE (__preinit_array_end = .)

.init_array     0x08000f84        0x4
                0x08000f84                        PROVIDE (__init_array_start = .)
 *(SORT_BY_NAME(.init_array.*))
 *(.init_array*)
 .init_array    0x08000f84        0x4 /home/pali/.platformio/packages/toolchain-gccarmnoneeabi/bin/../lib/gcc/arm-none-eabi/12.3.1/thumb/v6-m/nofp/crtbegin.o
                0x08000f88                        PROVIDE (__init_array_end = .)

.fini_array     0x08000f88        0x4
                0x08000f88                        PROVIDE (__fini_array_start = .)
 *(SORT_BY_NAME(.fini_array.*))
 *(.fini_array*)
 .fini_array    0x08000f88        0x4 /home/pali/.platformio/packages/toolchain-gccarmnoneeabi/bin/../lib/gcc/arm-none-eabi/12.3.1/thumb/v6-m/nofp/crtbegin.o
                0x08000f8c                        PROVIDE (__fini_array_end = .)
                0x08000f8c                        _sidata = LOADADDR (.data)

.data           0x200000c0        0x8 load address 0x08000f8c
                0x200000c0                        . = ALIGN (0x4)
                0x200000c0                        _sdata = .
 *(.data)
 *(.data*)
 .data.chr      0x200000c0        0x1 ./Build/User/main.o
                0x200000c0                chr
 .data.beacon_time
                0x200000c1        0x1 ./Build/User/main.o
                0x200000c1                beacon_time
 *fill*         0x200000c2        0x2 
 .data.SystemCoreClock
                0x200000c4        0x4 ./Build/Libraries/CMSIS/Device/PY32F0xx/Source/system_py32f0xx.o
                0x200000c4                SystemCoreClock
                0x200000c8                        . = ALIGN (0x4)
                0x200000c8                        _edata = .

.igot.plt       0x200000c8        0x0 load address 0x08000f94
 .igot.plt      0x200000c8        0x0 /home/pali/.platformio/packages/toolchain-gccarmnoneeabi/bin/../lib/gcc/arm-none-eabi/12.3.1/thumb/v6-m/nofp/crtbegin.o
                0x200000c8                        . = ALIGN (0x4)

.bss            0x200000c8       0xb8 load address 0x08000f94
                0x200000c8                        _sbss = .
                0x200000c8                        __bss_start__ = _sbss
 *(.bss)
 *(.bss*)
 .bss.completed.1
                0x200000c8        0x1 /home/pali/.platformio/packages/toolchain-gccarmnoneeabi/bin/../lib/gcc/arm-none-eabi/12.3.1/thumb/v6-m/nofp/crtbegin.o
 *fill*         0x200000c9        0x3 
 .bss.object.0  0x200000cc       0x18 /home/pali/.platformio/packages/toolchain-gccarmnoneeabi/bin/../lib/gcc/arm-none-eabi/12.3.1/thumb/v6-m/nofp/crtbegin.o
 .bss.page      0x200000e4        0x1 ./Build/User/persist.o
 *fill*         0x200000e5        0x3 
 .bss.end_pos   0x200000e8        0x4 ./Build/User/persist.o
 .bss.start_pos
                0x200000ec        0x4 ./Build/User/persist.o
 .bss.play_cnt  0x200000f0        0x1 ./Build/User/main.o
                0x200000f0                play_cnt
 .bss.sym_cnt   0x200000f1        0x1 ./Build/User/main.o
                0x200000f1                sym_cnt
 .bss.encoder_state
                0x200000f2        0x1 ./Build/User/main.o
                0x200000f2                encoder_state
 .bss.message_incoming
                0x200000f3        0x1 ./Build/User/main.o
                0x200000f3                message_incoming
 .bss.time_unit_eapsed
                0x200000f4        0x1 ./Build/User/main.o
                0x200000f4                time_unit_eapsed
 *fill*         0x200000f5        0x3 
 .bss.TX_idx    0x200000f8        0x4 ./Build/User/main.o
                0x200000f8                TX_idx
 .bss.RX_idx    0x200000fc        0x4 ./Build/User/main.o
                0x200000fc                RX_idx
 .bss.message   0x20000100       0x80 ./Build/User/main.o
                0x20000100                message
 *(COMMON)
                0x20000180                        . = ALIGN (0x4)
                0x20000180                        _ebss = .
                0x20000180                        __bss_end__ = _ebss

._user_heap_stack
                0x20000180      0x300 load address 0x08000f94
                0x20000180                        . = ALIGN (0x8)
                0x20000180                        PROVIDE (end = .)
                [!provide]                        PROVIDE (_end = .)
                0x20000280                        . = (. + _Min_Heap_Size)
 *fill*         0x20000180      0x100 
                0x20000480                        . = (. + _Min_Stack_Size)
 *fill*         0x20000280      0x200 
                0x20000480                        . = ALIGN (0x8)

.user_data      0x08004000        0x0
                0x08004000                        . = ALIGN (0x4)
                0x08004000                        _USER_DATA = .
 *(.user_data)
                0x08004000                        . = ALIGN (0x4)

/DISCARD/
 libc.a(*)
 libm.a(*)
 libgcc.a(*)

.ARM.attributes
                0x00000000       0x28
 *(.ARM.attributes)
 .ARM.attributes
                0x00000000       0x1e /home/pali/.platformio/packages/toolchain-gccarmnoneeabi/bin/../lib/gcc/arm-none-eabi/12.3.1/thumb/v6-m/nofp/crti.o
 .ARM.attributes
                0x0000001e       0x2c /home/pali/.platformio/packages/toolchain-gccarmnoneeabi/bin/../lib/gcc/arm-none-eabi/12.3.1/thumb/v6-m/nofp/crtbegin.o
 .ARM.attributes
                0x0000004a       0x2c /home/pali/.platformio/packages/toolchain-gccarmnoneeabi/bin/../lib/gcc/arm-none-eabi/12.3.1/../../../../arm-none-eabi/lib/thumb/v6-m/nofp/libc_nano.a(libc_a-memset.o)
 .ARM.attributes
                0x00000076       0x2c /home/pali/.platformio/packages/toolchain-gccarmnoneeabi/bin/../lib/gcc/arm-none-eabi/12.3.1/../../../../arm-none-eabi/lib/thumb/v6-m/nofp/libc_nano.a(libc_a-init.o)
 .ARM.attributes
                0x000000a2       0x2c ./Build/User/persist.o
 .ARM.attributes
                0x000000ce       0x2c ./Build/User/py32f0xx_it.o
 .ARM.attributes
                0x000000fa       0x2c ./Build/User/main.o
 .ARM.attributes
                0x00000126       0x2c ./Build/Libraries/PY32F0xx_LL_Driver/Src/py32f0xx_ll_utils.o
 .ARM.attributes
                0x00000152       0x2c ./Build/Libraries/PY32F0xx_LL_Driver/Src/py32f0xx_ll_flash.o
 .ARM.attributes
                0x0000017e       0x2c ./Build/Libraries/PY32F0xx_LL_Driver/Src/py32f0xx_ll_tim.o
 .ARM.attributes
                0x000001aa       0x2c ./Build/Libraries/PY32F0xx_LL_Driver/Src/py32f0xx_ll_gpio.o
 .ARM.attributes
                0x000001d6       0x2c ./Build/Libraries/CMSIS/Device/PY32F0xx/Source/system_py32f0xx.o
 .ARM.attributes
                0x00000202       0x22 ./Build/Libraries/CMSIS/Device/PY32F0xx/Source/gcc/startup_py32f002a.o
 .ARM.attributes
                0x00000224       0x1e /home/pali/.platformio/packages/toolchain-gccarmnoneeabi/bin/../lib/gcc/arm-none-eabi/12.3.1/thumb/v6-m/nofp/libgcc.a(_thumb1_case_uqi.o)
 .ARM.attributes
                0x00000242       0x1e /home/pali/.platformio/packages/toolchain-gccarmnoneeabi/bin/../lib/gcc/arm-none-eabi/12.3.1/thumb/v6-m/nofp/libgcc.a(_udivsi3.o)
 .ARM.attributes
                0x00000260       0x1e /home/pali/.platformio/packages/toolchain-gccarmnoneeabi/bin/../lib/gcc/arm-none-eabi/12.3.1/thumb/v6-m/nofp/libgcc.a(_dvmd_tls.o)
 .ARM.attributes
                0x0000027e       0x2c /home/pali/.platformio/packages/toolchain-gccarmnoneeabi/bin/../lib/gcc/arm-none-eabi/12.3.1/../../../../arm-none-eabi/lib/thumb/v6-m/nofp/libc_nano.a(libc_a-memcpy-stub.o)
 .ARM.attributes
                0x000002aa       0x1e /home/pali/.platformio/packages/toolchain-gccarmnoneeabi/bin/../lib/gcc/arm-none-eabi/12.3.1/thumb/v6-m/nofp/crtn.o
OUTPUT(Build/app.elf elf32-littlearm)
LOAD linker stubs
LOAD /home/pali/.platformio/packages/toolchain-gccarmnoneeabi/bin/../lib/gcc/arm-none-eabi/12.3.1/../../../../arm-none-eabi/lib/thumb/v6-m/nofp/libc.a
LOAD /home/pali/.platformio/packages/toolchain-gccarmnoneeabi/bin/../lib/gcc/arm-none-eabi/12.3.1/../../../../arm-none-eabi/lib/thumb/v6-m/nofp/libm.a
LOAD /home/pali/.platformio/packages/toolchain-gccarmnoneeabi/bin/../lib/gcc/arm-none-eabi/12.3.1/thumb/v6-m/nofp/libgcc.a

.comment        0x00000000       0x39
 .comment       0x00000000       0x39 /home/pali/.platformio/packages/toolchain-gccarmnoneeabi/bin/../lib/gcc/arm-none-eabi/12.3.1/thumb/v6-m/nofp/crtbegin.o
                                 0x3a (size before relaxing)
 .comment       0x00000039       0x3a /home/pali/.platformio/packages/toolchain-gccarmnoneeabi/bin/../lib/gcc/arm-none-eabi/12.3.1/../../../../arm-none-eabi/lib/thumb/v6-m/nofp/libc_nano.a(libc_a-memset.o)
 .comment       0x00000039       0x3a /home/pali/.platformio/packages/toolchain-gccarmnoneeabi/bin/../lib/gcc/arm-none-eabi/12.3.1/../../../../arm-none-eabi/lib/thumb/v6-m/nofp/libc_nano.a(libc_a-init.o)
 .comment       0x00000039       0x3a ./Build/User/persist.o
 .comment       0x00000039       0x3a ./Build/User/py32f0xx_it.o
 .comment       0x00000039       0x3a ./Build/User/main.o
 .comment       0x00000039       0x3a ./Build/Libraries/PY32F0xx_LL_Driver/Src/py32f0xx_ll_utils.o
 .comment       0x00000039       0x3a ./Build/Libraries/PY32F0xx_LL_Driver/Src/py32f0xx_ll_flash.o
 .comment       0x00000039       0x3a ./Build/Libraries/PY32F0xx_LL_Driver/Src/py32f0xx_ll_tim.o
 .comment       0x00000039       0x3a ./Build/Libraries/PY32F0xx_LL_Driver/Src/py32f0xx_ll_gpio.o
 .comment       0x00000039       0x3a ./Build/Libraries/CMSIS/Device/PY32F0xx/Source/system_py32f0xx.o
 .comment       0x00000039       0x3a /home/pali/.platformio/packages/toolchain-gccarmnoneeabi/bin/../lib/gcc/arm-none-eabi/12.3.1/../../../../arm-none-eabi/lib/thumb/v6-m/nofp/libc_nano.a(libc_a-memcpy-stub.o)

.debug_info     0x00000000     0x5c2c
 .debug_info    0x00000000      0x855 ./Build/User/persist.o
 .debug_info    0x00000855       0x78 ./Build/User/py32f0xx_it.o
 .debug_info    0x000008cd     0x1f65 ./Build/User/main.o
 .debug_info    0x00002832      0x488 ./Build/Libraries/PY32F0xx_LL_Driver/Src/py32f0xx_ll_utils.o
 .debug_info    0x00002cba     0x10b1 ./Build/Libraries/PY32F0xx_LL_Driver/Src/py32f0xx_ll_flash.o
 .debug_info    0x00003d6b     0x12ea ./Build/Libraries/PY32F0xx_LL_Driver/Src/py32f0xx_ll_tim.o
 .debug_info    0x00005055      0x798 ./Build/Libraries/PY32F0xx_LL_Driver/Src/py32f0xx_ll_gpio.o
 .debug_info    0x000057ed      0x40d ./Build/Libraries/CMSIS/Device/PY32F0xx/Source/system_py32f0xx.o
 .debug_info    0x00005bfa       0x32 ./Build/Libraries/CMSIS/Device/PY32F0xx/Source/gcc/startup_py32f002a.o

.debug_abbrev   0x00000000     0x1467
 .debug_abbrev  0x00000000      0x326 ./Build/User/persist.o
 .debug_abbrev  0x00000326       0x64 ./Build/User/py32f0xx_it.o
 .debug_abbrev  0x0000038a      0x48c ./Build/User/main.o
 .debug_abbrev  0x00000816      0x283 ./Build/Libraries/PY32F0xx_LL_Driver/Src/py32f0xx_ll_utils.o
 .debug_abbrev  0x00000a99      0x3e6 ./Build/Libraries/PY32F0xx_LL_Driver/Src/py32f0xx_ll_flash.o
 .debug_abbrev  0x00000e7f      0x299 ./Build/Libraries/PY32F0xx_LL_Driver/Src/py32f0xx_ll_tim.o
 .debug_abbrev  0x00001118      0x1f8 ./Build/Libraries/PY32F0xx_LL_Driver/Src/py32f0xx_ll_gpio.o
 .debug_abbrev  0x00001310      0x133 ./Build/Libraries/CMSIS/Device/PY32F0xx/Source/system_py32f0xx.o
 .debug_abbrev  0x00001443       0x24 ./Build/Libraries/CMSIS/Device/PY32F0xx/Source/gcc/startup_py32f002a.o

.debug_loc      0x00000000     0x2e67
 .debug_loc     0x00000000      0x428 ./Build/User/persist.o
 .debug_loc     0x00000428      0x8f6 ./Build/User/main.o
 .debug_loc     0x00000d1e      0x1e3 ./Build/Libraries/PY32F0xx_LL_Driver/Src/py32f0xx_ll_utils.o
 .debug_loc     0x00000f01      0xb0f ./Build/Libraries/PY32F0xx_LL_Driver/Src/py32f0xx_ll_flash.o
 .debug_loc     0x00001a10      0xff2 ./Build/Libraries/PY32F0xx_LL_Driver/Src/py32f0xx_ll_tim.o
 .debug_loc     0x00002a02      0x3db ./Build/Libraries/PY32F0xx_LL_Driver/Src/py32f0xx_ll_gpio.o
 .debug_loc     0x00002ddd       0x8a ./Build/Libraries/CMSIS/Device/PY32F0xx/Source/system_py32f0xx.o

.debug_aranges  0x00000000      0x2c8
 .debug_aranges
                0x00000000       0x40 ./Build/User/persist.o
 .debug_aranges
                0x00000040       0x40 ./Build/User/py32f0xx_it.o
 .debug_aranges
                0x00000080       0x50 ./Build/User/main.o
 .debug_aranges
                0x000000d0       0x38 ./Build/Libraries/PY32F0xx_LL_Driver/Src/py32f0xx_ll_utils.o
 .debug_aranges
                0x00000108       0xc0 ./Build/Libraries/PY32F0xx_LL_Driver/Src/py32f0xx_ll_flash.o
 .debug_aranges
                0x000001c8       0x80 ./Build/Libraries/PY32F0xx_LL_Driver/Src/py32f0xx_ll_tim.o
 .debug_aranges
                0x00000248       0x30 ./Build/Libraries/PY32F0xx_LL_Driver/Src/py32f0xx_ll_gpio.o
 .debug_aranges
                0x00000278       0x28 ./Build/Libraries/CMSIS/Device/PY32F0xx/Source/system_py32f0xx.o
 .debug_aranges
                0x000002a0       0x28 ./Build/Libraries/CMSIS/Device/PY32F0xx/Source/gcc/startup_py32f002a.o

.debug_ranges   0x00000000      0x918
 .debug_ranges  0x00000000       0xd0 ./Build/User/persist.o
 .debug_ranges  0x000000d0       0x30 ./Build/User/py32f0xx_it.o
 .debug_ranges  0x00000100      0x450 ./Build/User/main.o
 .debug_ranges  0x00000550       0x78 ./Build/Libraries/PY32F0xx_LL_Driver/Src/py32f0xx_ll_utils.o
 .debug_ranges  0x000005c8      0x1a8 ./Build/Libraries/PY32F0xx_LL_Driver/Src/py32f0xx_ll_flash.o
 .debug_ranges  0x00000770      0x100 ./Build/Libraries/PY32F0xx_LL_Driver/Src/py32f0xx_ll_tim.o
 .debug_ranges  0x00000870       0x58 ./Build/Libraries/PY32F0xx_LL_Driver/Src/py32f0xx_ll_gpio.o
 .debug_ranges  0x000008c8       0x30 ./Build/Libraries/CMSIS/Device/PY32F0xx/Source/system_py32f0xx.o
 .debug_ranges  0x000008f8       0x20 ./Build/Libraries/CMSIS/Device/PY32F0xx/Source/gcc/startup_py32f002a.o

.debug_line     0x00000000     0x3aac
 .debug_line    0x00000000      0x67f ./Build/User/persist.o
 .debug_line    0x0000067f       0x9e ./Build/User/py32f0xx_it.o
 .debug_line    0x0000071d      0xf68 ./Build/User/main.o
 .debug_line    0x00001685      0x379 ./Build/Libraries/PY32F0xx_LL_Driver/Src/py32f0xx_ll_utils.o
 .debug_line    0x000019fe      0xf49 ./Build/Libraries/PY32F0xx_LL_Driver/Src/py32f0xx_ll_flash.o
 .debug_line    0x00002947      0xa29 ./Build/Libraries/PY32F0xx_LL_Driver/Src/py32f0xx_ll_tim.o
 .debug_line    0x00003370      0x3f3 ./Build/Libraries/PY32F0xx_LL_Driver/Src/py32f0xx_ll_gpio.o
 .debug_line    0x00003763      0x2a9 ./Build/Libraries/CMSIS/Device/PY32F0xx/Source/system_py32f0xx.o
 .debug_line    0x00003a0c       0xa0 ./Build/Libraries/CMSIS/Device/PY32F0xx/Source/gcc/startup_py32f002a.o

.debug_str      0x00000000     0x1800
 .debug_str     0x00000000      0x34c ./Build/User/persist.o
                                0x3bb (size before relaxing)
 .debug_str     0x0000034c       0x5c ./Build/User/py32f0xx_it.o
                                0x135 (size before relaxing)
 .debug_str     0x000003a8      0x84c ./Build/User/main.o
                                0xb29 (size before relaxing)
 .debug_str     0x00000bf4       0xda ./Build/Libraries/PY32F0xx_LL_Driver/Src/py32f0xx_ll_utils.o
                                0x346 (size before relaxing)
 .debug_str     0x00000cce      0x408 ./Build/Libraries/PY32F0xx_LL_Driver/Src/py32f0xx_ll_flash.o
                                0x751 (size before relaxing)
 .debug_str     0x000010d6      0x51a ./Build/Libraries/PY32F0xx_LL_Driver/Src/py32f0xx_ll_tim.o
                                0x88b (size before relaxing)
 .debug_str     0x000015f0      0x126 ./Build/Libraries/PY32F0xx_LL_Driver/Src/py32f0xx_ll_gpio.o
                                0x3e5 (size before relaxing)
 .debug_str     0x00001716       0x8f ./Build/Libraries/CMSIS/Device/PY32F0xx/Source/system_py32f0xx.o
                                0x2fc (size before relaxing)
 .debug_str     0x000017a5       0x5b ./Build/Libraries/CMSIS/Device/PY32F0xx/Source/gcc/startup_py32f002a.o
                                 0xa4 (size before relaxing)

.debug_frame    0x00000000      0x5cc
 .debug_frame   0x00000000       0xa8 ./Build/User/persist.o
 .debug_frame   0x000000a8       0x60 ./Build/User/py32f0xx_it.o
 .debug_frame   0x00000108       0xb4 ./Build/User/main.o
 .debug_frame   0x000001bc       0x5c ./Build/Libraries/PY32F0xx_LL_Driver/Src/py32f0xx_ll_utils.o
 .debug_frame   0x00000218      0x1fc ./Build/Libraries/PY32F0xx_LL_Driver/Src/py32f0xx_ll_flash.o
 .debug_frame   0x00000414      0x124 ./Build/Libraries/PY32F0xx_LL_Driver/Src/py32f0xx_ll_tim.o
 .debug_frame   0x00000538       0x54 ./Build/Libraries/PY32F0xx_LL_Driver/Src/py32f0xx_ll_gpio.o
 .debug_frame   0x0000058c       0x40 ./Build/Libraries/CMSIS/Device/PY32F0xx/Source/system_py32f0xx.o
